Launching lib\main.dart on RMX1971 in release mode...
